Jan 14 11:15:03 user sshd-session[927]: Failed password for invalid user invaliduser from ::1 port 41132 ssh2
Jan 14 11:15:09 user sshd-session[927]: Failed password for invalid user invaliduser from ::1 port 41132 ssh2
Jan 14 11:15:12 user sshd-session[927]: Failed password for invalid user invaliduser from ::1 port 41132 ssh2
Jan 15 10:00:07 user sshd-session[1139]: Failed password for root from ::1 port 56066 ssh2
Jan 15 10:00:12 user sshd-session[1139]: Failed password for root from ::1 port 56066 ssh2
Jan 15 10:00:18 user sshd-session[1139]: Failed password for root from ::1 port 56066 ssh2
